{
  "exclude": {
    "files": "^.secrets.baseline$",
    "lines": null
  },
  "generated_at": "2024-06-04T15:10:53Z",
  "plugins_used": [
    {
      "name": "AWSKeyDetector"
    },
    {
      "name": "ArtifactoryDetector"
    },
    {
      "name": "AzureStorageKeyDetector"
    },
    {
      "base64_limit": 4.5,
      "name": "Base64HighEntropyString"
    },
    {
      "name": "BasicAuthDetector"
    },
    {
      "name": "BoxDetector"
    },
    {
      "name": "CloudantDetector"
    },
    {
      "ghe_instance": "github.ibm.com",
      "name": "GheDetector"
    },
    {
      "name": "GitHubTokenDetector"
    },
    {
      "hex_limit": 3,
      "name": "HexHighEntropyString"
    },
    {
      "name": "IbmCloudIamDetector"
    },
    {
      "name": "IbmCosHmacDetector"
    },
    {
      "name": "JwtTokenDetector"
    },
    {
      "keyword_exclude": null,
      "name": "KeywordDetector"
    },
    {
      "name": "MailchimpDetector"
    },
    {
      "name": "NpmDetector"
    },
    {
      "name": "PrivateKeyDetector"
    },
    {
      "name": "SlackDetector"
    },
    {
      "name": "SoftlayerDetector"
    },
    {
      "name": "SquareOAuthDetector"
    },
    {
      "name": "StripeDetector"
    },
    {
      "name": "TwilioKeyDetector"
    }
  ],
  "results": {
    "README.md": [
      {
        "hashed_secret": "c303df00cd0a72b21c62900b758b06fc541664ce",
        "is_secret": false,
        "is_verified": false,
        "line_number": 224,
        "type": "Secret Keyword",
        "verified_result": null
      },
      {
        "hashed_secret": "bc2f74c22f98f7b6ffbc2f67453dbfa99bce9a32",
        "is_secret": false,
        "is_verified": false,
        "line_number": 684,
        "type": "Secret Keyword",
        "verified_result": null
      }
    ],
    "charts/ecosystem/templates/couchdb-secret.yaml": [
      {
        "hashed_secret": "df39b4caf493869772ff3a0f95cca6a9ae7934dc",
        "is_secret": false,
        "is_verified": false,
        "line_number": 13,
        "type": "Secret Keyword",
        "verified_result": null
      }
    ],
    "charts/ecosystem/templates/dex-config.yaml": [
      {
        "hashed_secret": "d2e2ab0f407e4ee3cf2ab87d61c31b25a74085e5",
        "is_secret": false,
        "is_verified": false,
        "line_number": 26,
        "type": "Secret Keyword",
        "verified_result": null
      }
    ]
  },
  "version": "0.13.1+ibm.64.dss",
  "word_list": {
    "file": null,
    "hash": null
  }
}
